SKIP 2205.09991
OK 2211.15657 ops=25 invalid=4 grounded=5 pinned: G ENERATIVE M ODELING  ['augment@trajectory', 'constrain@trajectory', 'correct@parameter', 'correct@state', 'correct@trajectory', 'diffuse@state', 'encode@input', 'extract@trajectory']
OK 2208.06193 ops=77 invalid=0 grounded=47 heading: DIFFUSION Q- LEARNING ['compare@error', 'compute covariance@noise', 'compute gradient@gradient', 'compute mean@action', 'compute reward@reward', 'compute value@value', 'correct@parameter', 'evaluate@error']
OK 2006.04779 ops=24 invalid=9 grounded=21 heading: The Conservative Q-Le ['compute bellman error@value', 'compute empirical return@policy', 'compute expected value@policy', 'compute exponential weighted average@action', 'compute kl divergence@distribution', 'compute policy constraint@policy', 'compute policy distribution@policy', 'compute policy improvement@policy']
SKIP 2110.06169
OK 2106.06860 ops=19 invalid=0 grounded=10 heading: A Minimalist Offline  ['compute action difference@action', 'compute gradient@gradient', 'compute loss term@error', 'compute mean@state', 'compute normalization term@error', 'compute policy gradient@gradient', 'compute q function@value', 'compute q value@state']
OK 2106.01345 ops=29 invalid=10 grounded=29 heading: Method ['backpropagate@gradient', 'compute@error', 'correct@state', 'correct@value', 'encode@action', 'encode@input', 'encode@state', 'encode@value']
OK 2106.02039 ops=25 invalid=12 grounded=22 heading: Reinforcement Learnin ['compute@distribution', 'compute@value', 'correct@parameter', 'discretize@action', 'discretize@state', 'encode@action', 'encode@reward', 'encode@state']
OK 2005.13239 ops=24 invalid=0 grounded=19 heading: MOPO: Model-Based Off ['bound error@error', 'compare@distribution', 'compute distance@distribution', 'compute ensemble variance@noise', 'compute lipschitz distance@distribution', 'compute model error@error', 'compute penalized reward@reward', 'compute performance guarantee@value']
OK 2005.05951 ops=24 invalid=0 grounded=16 heading: Algorithmic Framework ['behavior cloning@action', 'compute distribution shift@distribution', 'compute ensemble discrepancy@state', 'compute hitting time@trajectory', 'compute log probability@distribution', 'compute lower bound@value', 'compute optimization error@error', 'compute policy improvement@policy']
OK 2102.08363 ops=25 invalid=0 grounded=22 heading: Conservative Offline  ['add rollouts@state', 'approximate argmax@policy', 'augment@distribution', 'collect rollouts@state', 'compute distance@distribution', 'compute expectation@error', 'compute lower bound@value', 'compute penalty@error']
OK 2106.08909 ops=106 invalid=0 grounded=12 heading: Defining the algorith ['act@action', 'compare@error', 'compute distribution@distribution', 'compute divergence@distribution', 'compute gradient@gradient', 'compute policy@policy', 'compute reward@reward', 'compute sample@sample']
OK 2110.01548 ops=21 invalid=3 grounded=14 heading: Uncertainty penalizat ['compute cosine similarity@gradient', 'compute gradient alignment@gradient', 'compute gradient diversity@gradient', 'compute gradient@error', 'compute minimum cosine similarity@gradient', 'compute policy gradient@value', 'compute target q value@state', 'compute total variance@gradient']
OK 2305.09836 ops=24 invalid=1 grounded=24 heading: ReBRAC: Distilling Ke ['backpropagate@gradient', 'clip@gradient', 'compare@error', 'compute action@action', 'compute distribution@distribution', 'compute gradient@gradient', 'compute input@input', 'compute latent@latent']
  (salvaged 58 items from malformed JSON)
OK 2304.10573 ops=58 invalid=0 grounded=18 heading: Implicit Q-Learning a ['act@action', 'compare@value', 'compute value@value', 'compute weight@sample', 'correct@parameter', 'normalize@distribution', 'sample@action']
OK 2209.14548 ops=25 invalid=0 grounded=23 heading: METHOD ['backpropagate@gradient', 'calculate error@error', 'compare@error', 'compute action@action', 'compute distribution@distribution', 'compute gradient@gradient', 'compute policy@policy', 'compute reward@reward']
OK 2302.01877 ops=13 invalid=0 grounded=13 heading: Method ['compute gradient@trajectory', 'compute mean@trajectory', 'compute reward@trajectory', 'correct@parameter', 'correct@state', 'evaluate@trajectory', 'filter trajectory@trajectory', 'predict@trajectory']
OK 2304.12824 ops=68 invalid=0 grounded=4 pinned: 5. Q-Guided Policy Opt ['compute@error', 'diffuse@action', 'encode@state', 'predict@value', 'reconstruct@action', 'sample@action']
OK 2305.20081 ops=22 invalid=0 grounded=15 heading: Efficient Diffusion P ['backpropagate@gradient', 'compare@error', 'compute gradient@gradient', 'compute log likelihood@distribution', 'compute policy evaluation@value', 'compute policy gradient@gradient', 'compute policy improvement@policy', 'compute q loss@value']
  (salvaged 18 items from malformed JSON)
OK 2112.10751 ops=18 invalid=0 grounded=18 pinned: R EINFORCEMENT L EARNI ['add regularization@parameter', 'apply dropout@parameter', 'collect data@trajectory', 'compute expectation@distribution', 'concatenate input@state', 'evaluate@task', 'improve@parameter', 'increase network width@parameter']
OK 2103.08050 ops=24 invalid=0 grounded=12 pinned: 4. Fisher-BRC ['compute expectation@distribution', 'compute fisher divergence@distribution', 'compute gradient penalty@gradient', 'compute gradient@gradient', 'compute kl divergence@distribution', 'compute log probability@distribution', 'compute q-value@value', 'compute td error@error']
OK 2011.07213 ops=25 invalid=1 grounded=24 heading: Method ['clip@latent', 'compute@error', 'compute@value', 'copy@parameter', 'correct@parameter', 'encode@state', 'project@latent', 'reconstruct@latent']
OK 2209.03993 ops=25 invalid=3 grounded=23 heading: Method ['apply reward recursion backwards@trajectory', 'apply reward recursion@trajectory', 'compare@value', 'compute q function@state', 'compute reward@trajectory', 'compute total reward@trajectory', 'compute value function@state', 'compute value@state']
OK 2310.03022 ops=28 invalid=0 grounded=28 heading: THE PROPOSED METHOD : ['apply convolution@input', 'apply feed forward network@input', 'apply filter@input', 'apply layer normalization@input', 'compare@error', 'compute convolution output@input', 'convolve sequence@input', 'correct@parameter']
  (salvaged 40 items from malformed JSON)
OK 2310.07297 ops=40 invalid=0 grounded=20 heading: PRACTICAL ALGORITHM ['compute gradient@gradient', 'evaluate@error', 'sample@action']
OK 2401.02644 ops=25 invalid=0 grounded=14 pinned: H IERARCHICAL D IFFUSE ['backpropagate@gradient', 'correct@parameter', 'encode@input', 'predict@distribution', 'predict@trajectory', 'reconstruct@trajectory', 'sample@policy', 'sample@sample']
OK 2208.10291 ops=24 invalid=1 grounded=24 heading: METHOD ['compute penalty@distribution', 'compute@value', 'concatenate@state', 'encode@input', 'evaluate@trajectory', 'expand@trajectory', 'improve@latent', 'penalize@distribution']
OK 1903.00374 ops=24 invalid=3 grounded=22 pinned: W ORLD M ODELS ['add@noise', 'clip@error', 'collect@trajectory', 'compute@error', 'convolve@state', 'correct@policy', 'discretize@latent', 'encode@action']
OK 1906.05243 ops=16 invalid=2 grounded=9 pinned: 4. Model-based algorit ['backpropagate@gradient', 'clip@gradient', 'compare@distribution', 'compare@reward', 'compare@value', 'compute distribution@reward', 'compute policy@value', 'compute reward@action']
OK 2003.10181 ops=85 invalid=0 grounded=85 heading: DATA EFFICIENCY OF ST ['backpropagate@gradient', 'collect reward@action', 'compare@reward', 'correct@parameter', 'sample@policy']
OK 2004.04136 ops=103 invalid=0 grounded=102 heading: CURL Implementation ['apply augmentation@input', 'apply gradient@parameter', 'augment@input', 'compute gradient@gradient', 'compute similarity@latent', 'correct@parameter', 'encode@input', 'evaluate@error']
OK 2004.13649 ops=15 invalid=0 grounded=14 heading: Sample Efficient Rein ['apply data augmentation@input', 'compute q estimate@value', 'compute target value@value', 'correct@parameter', 'correct@value', 'evaluate@error', 'sample@noise', 'sample@policy']
SKIP 2007.05929
  (salvaged 24 items from malformed JSON)
OK 2106.04152 ops=24 invalid=0 grounded=12 heading: Cycle-Consistent Virt ['compute@error', 'correct@parameter', 'encode@input', 'predict@latent', 'reconstruct@trajectory', 'sample@action']
OK 2111.00210 ops=24 invalid=5 grounded=22 heading: EfficientZero ['compare@distribution', 'compare@state', 'compute@distribution', 'compute@value', 'correct@parameter', 'correct@value', 'encode@input', 'normalize@distribution']
  (salvaged 7 items from malformed JSON)
OK 2201.12096 ops=7 invalid=1 grounded=7 heading: Approach ['encode@action', 'encode@input', 'mask@input', 'predict@latent', 'reconstruct@latent']
OK 2209.00588 ops=25 invalid=4 grounded=20 heading: METHOD ['backpropagate@gradient', 'compute@distribution', 'compute@error', 'compute@value', 'correct@parameter', 'correct@policy', 'correct@value', 'encode@input']
OK 2303.07109 ops=25 invalid=5 grounded=23 heading: METHOD ['apply entropy loss@policy', 'collect experience@trajectory', 'compute cross entropy@distribution', 'compute entropy@latent', 'compute gradient@parameter', 'compute log likelihood@input', 'correct@parameter', 'encode@input']
OK 2301.04104 ops=25 invalid=6 grounded=23 fallback: 20% window ['apply loss@error', 'apply transformation@value', 'categorical cross entropy@value', 'compare@value', 'compute gradient@parameter', 'compute range@value', 'compute symexp@value', 'compute symlog@value']
OK 2305.19452 ops=25 invalid=1 grounded=5 heading: Method ['apply gradient@parameter', 'clip@gradient', 'compare@error', 'compute distribution@distribution', 'compute gradient@gradient', 'compute input@input', 'compute policy@policy', 'compute reward@reward']
OK 2310.09615 ops=25 invalid=8 grounded=20 heading: Method ['aggregate@latent', 'collect data@trajectory', 'compute dynamics loss@distribution', 'compute lambda return@reward', 'compute normalization ratio@value', 'compute policy entropy@policy', 'compute reconstruction loss@input', 'compute representation loss@distribution']
OK 2405.12399 ops=25 invalid=1 grounded=23 heading: Method ['aggregate@reward', 'compute@distribution', 'compute@error', 'compute@gradient', 'compute@reward', 'correct@parameter', 'encode@input', 'interpolate@action']
OK 2403.00564 ops=25 invalid=0 grounded=21 heading: Method ['act@action', 'compare@error', 'compute mixed value@value', 'compute q value@action', 'compute value@value', 'construct action set@action', 'evaluate@value', 'sample@action']
OK 2406.19320 ops=30 invalid=0 grounded=29 heading: Method ['backpropagate@gradient', 'compare@error', 'compute gradient@error', 'compute reward@value', 'compute termination@value', 'compute trajectory@trajectory', 'compute value@value', 'correct@parameter']
EXTRACT27_DONE
