OK 2011.07213|PLAS+P|main hyperparameter []
OK 2011.07213|PLAS+P|epsilon=0.05 hyperparameter []
OK 2011.07213|PLAS+P|epsilon=0.1 hyperparameter []
OK 2011.07213|PLAS+P|epsilon=0.2 hyperparameter []
OK 2011.07213|PLAS+P|epsilon=0.5 hyperparameter []
OK 2102.08363|COMBO|beta=0.5 hyperparameter []
OK 2102.08363|COMBO|beta=5.0 hyperparameter []
OK 2102.08363|COMBO|mu=Unif(a) other ['collect rollouts@state', 'sample@state']
OK 2102.08363|COMBO|mu=pi(a|s) other ['add rollouts@state', 'approximate argmax@policy', 'augment@distribution', 'collect rollouts@state', 'compute distance@distribution', 'compute lower bound@value', 'compute policy improvement@policy', 'compute policy performance@value', 'compute safety guarantee@policy', 'correct@policy', 'sample@state', 'select hyperparameters@parameter']
OK 2102.08363|COMBO|rho(s)=d^pi_Mhat other ['augment@distribution', 'compute distance@distribution', 'compute lower bound@value', 'compute policy improvement@policy', 'compute policy performance@value', 'compute safety guarantee@policy', 'train@state']
OK 2102.08363|COMBO|rho(s)=d_f other ['augment@distribution', 'compute distance@distribution', 'compute lower bound@value', 'compute policy improvement@policy', 'compute policy performance@value', 'compute safety guarantee@policy', 'train@state']
OK 2106.02039|TT (uniform)|main hyperparameter []
FAIL 2106.08909|One-step Easy BCQ|main JSONDecodeError('Expecting value: line 1 column 1 (char 0)')
OK 2106.08909|One-step Easy BCQ|main None None
OK 2106.08909|One-step Exp. Weight|main hyperparameter []
FAIL 2106.08909|Multi-step (Rev. KL Reg)|main JSONDecodeError('Expecting value: line 1 column 1 (char 0)')
OK 2106.08909|Multi-step (Rev. KL Reg)|main None None
OK 2106.08909|Iterative (Rev. KL Reg)|main hyperparameter []
OK 2110.01548|SAC-N|main hyperparameter ['compute gradient alignment@gradient', 'compute gradient diversity@gradient', 'compute gradient@error', 'compute minimum cosine similarity@gradient', 'compute total variance@gradient', 'correct@parameter', 'evaluate@gradient']
OK 2110.01548|EDAC|eta=0.0, N=50 hyperparameter []
OK 2110.01548|EDAC|eta=0.5, N=50 hyperparameter []
OK 2110.01548|EDAC|eta=1.0, N=50 hyperparameter []
OK 2110.01548|EDAC|eta=2.0, N=50 hyperparameter []
OK 2110.01548|EDAC|eta=5.0, N=50 hyperparameter []
OK 2208.06193|BC-Diffusion|main remove ['evaluate@error']
OK 2208.06193|BCQ-Diffusion|main remove ['compare@error', 'compute covariance@noise', 'compute gradient@gradient', 'compute mean@action', 'compute reward@reward', 'compute value@value', 'correct@parameter', 'evaluate@error', 'predict@noise', 'reconstruct@action', 'sample@action', 'sample@noise']
OK 2208.10291|TAP|horizon=3 hyperparameter []
OK 2208.10291|TAP|horizon=9 hyperparameter []
OK 2208.10291|TAP|horizon=15 hyperparameter []
OK 2208.10291|TAP|horizon=21 hyperparameter []
OK 2208.10291|TAP|beta=1e-5 hyperparameter []
OK 2208.10291|TAP|beta=0.002 hyperparameter []
OK 2208.10291|TAP|beta=0.01 hyperparameter []
OK 2208.10291|TAP|beta=0.05 hyperparameter []
OK 2208.10291|TAP|beta=0.1 hyperparameter []
OK 2208.10291|TAP|beta=0.5 hyperparameter []
OK 2208.10291|TAP|L=1 hyperparameter ['compute@value', 'expand@trajectory', 'improve@latent', 'penalize@distribution', 'reconstruct@latent', 'reconstruct@trajectory', 'sample@latent', 'tile@latent']
OK 2208.10291|TAP|L=2 hyperparameter []
OK 2208.10291|TAP|L=3 hyperparameter []
OK 2208.10291|TAP|L=4 hyperparameter []
OK 2208.10291|TAP|sample prior (N=2048, no beam search) hyperparameter []
OK 2208.10291|TAP|sample uniform (N=2048, no beam search) hyperparameter []
OK 2208.10291|TAP|attention bottleneck, sample hyperparameter []
OK 2208.10291|TAP|unconditional decoder, L=1 hyperparameter ['expand@trajectory', 'improve@latent', 'penalize@distribution', 'reconstruct@trajectory', 'tile@latent']
OK 2208.10291|TAP|unconditional decoder, L=2 hyperparameter ['expand@trajectory', 'improve@latent', 'penalize@distribution', 'reconstruct@trajectory', 'tile@latent']
OK 2208.10291|TAP|unconditional decoder, L=3 hyperparameter ['expand@trajectory', 'improve@latent', 'penalize@distribution', 'reconstruct@trajectory', 'tile@latent']
OK 2209.03993|QDT|alpha=10.0 hyperparameter []
OK 2209.03993|QDT|alpha=5.0 hyperparameter []
OK 2209.03993|QDT|alpha=2.5 hyperparameter []
OK 2209.03993|QDT|alpha=1.25 hyperparameter []
OK 2209.14548|SfBC + Gaussian|behavior model = Gaussian hyperparameter []
OK 2209.14548|SfBC + VAE|behavior model = VAE other []
OK 2209.14548|SfBC - Planning|no implicit planning remove ['compare@error', 'compute action@action', 'compute reward@reward', 'compute trajectory@trajectory', 'evaluate@error', 'sample@action', 'sample@trajectory']
OK 2211.15657|Decision Diffuser (DD)|alpha=0 hyperparameter []
OK 2211.15657|Decision Diffuser (DD)|alpha=1.0 hyperparameter []
OK 2211.15657|CondDiffuser|main remove ['diffuse@state', 'reconstruct@action', 'zero@latent']
OK 2211.15657|CondMLPDiffuser|main remove ['correct@state', 'reconstruct@state', 'sample@trajectory', 'scale@noise']
OK 2302.01877|AdaptDiffuser|iterative_phase=1 hyperparameter []
OK 2304.10573|IDQL-1|one-hyperparameter (tau=0.7 locomotion) hyperparameter []
OK 2305.09836|ReBRAC|normalization=FeatureNorm (ReBRAC + FN) hyperparameter ['correct@parameter', 'normalize@distribution']
OK 2305.09836|ReBRAC|layernorm=off hyperparameter []
OK 2305.09836|ReBRAC|num_hidden_layers=2 (w/o extra layer) hyperparameter []
OK 2305.09836|ReBRAC|actor_penalty=off (beta1=0) hyperparameter []
OK 2305.09836|ReBRAC|critic_penalty=off (beta2=0) hyperparameter []
OK 2305.09836|ReBRAC|batch_size=256 (w/o large batch) hyperparameter ['correct@parameter']
OK 2310.03022|DC|embedding_dim=128 hyperparameter []
OK 2310.03022|DC|action information included (action O) hyperparameter []
OK 2310.03022|DC|1-filter DC hyperparameter []
OK 2310.03022|DC|K=8, L=3 hyperparameter []
OK 2310.03022|DC|K=20, L=3 hyperparameter []
OK 2310.03022|DC|K=20, L=6 hyperparameter []
OK 2310.03022|DC|K=20, L=30 hyperparameter []
OK 2310.03022|ODC|action information included (action O) hyperparameter []
OK 2401.02644|HD-DA|K=1 hyperparameter []
OK 2401.02644|HD-DA|K=8 hyperparameter []
OK 2401.02644|HD|main hyperparameter []
OK 1903.00374|SimPLe|Ours, deterministic hyperparameter []
OK 1903.00374|SimPLe|Ours, det. recurrent hyperparameter []
OK 1903.00374|SimPLe|Ours, SD hyperparameter []
OK 1903.00374|SimPLe|Ours, SD γ = 0.90 hyperparameter []
OK 1903.00374|SimPLe|Ours, SD γ = 0.95 hyperparameter []
OK 1903.00374|SimPLe|Ours, SD 100 steps hyperparameter []
OK 1903.00374|SimPLe|Ours, SD 25 steps hyperparameter []
OK 2007.05929|SPR|no_aug hyperparameter []
OK 2111.00210|EfficientZero|w.o. consistency remove ['compute@distribution', 'correct@parameter', 'project@latent', 'sample@trajectory']
OK 2111.00210|EfficientZero|w.o. value prefix remove ['compute@distribution', 'compute@value', 'correct@parameter', 'correct@value', 'normalize@distribution', 'predict@trajectory', 'sample@trajectory']
OK 2111.00210|EfficientZero|w.o. off-policy correction remove ['sample@trajectory']
OK 2111.00210|EfficientZero|Table 8 w.o. consistency remove ['compute@distribution', 'correct@parameter', 'project@latent', 'sample@trajectory']
OK 2111.00210|EfficientZero|w.o. data augmentation remove ['compute@distribution', 'compute@value', 'correct@parameter', 'correct@value', 'encode@input', 'normalize@distribution', 'predict@trajectory', 'predict@value', 'project@latent', 'pull@distribution', 'rollout@trajectory', 'sample@trajectory']
OK 2111.00210|EfficientZero|Table 9 w.o. off-policy correction remove ['sample@trajectory']
OK 2111.00210|EfficientZero|w.o. dynamic horizon remove ['correct@parameter', 'sample@trajectory']
OK 2111.00210|EfficientZero|w.o. MCTS root value remove ['compute@distribution']
OK 2310.09615|STORM|w/o demonstration trajectory remove ['collect data@trajectory']
OK 2403.00564|EZ-V2|value_target=multi-step TD hyperparameter ['compute mixed value@value', 'compute value@value']
OK 2403.00564|EZ-V2|value_target=GAE replace ['compute mixed value@value', 'compute value@value']
OK 2405.12399|DIAMOND|denoising_steps=1 hyperparameter []
OK phase23|Diffuser|ddim-10 hyperparameter ['intervene@trajectory', 'plan@trajectory', 'reconstruct@trajectory', 'sample@trajectory', 'stitch@trajectory']
OK phase23|Diffuser|ddim-20 hyperparameter ['intervene@trajectory', 'plan@trajectory', 'reconstruct@trajectory', 'sample@trajectory', 'stitch@trajectory']
OK phase23|Diffuser|ddim-2 hyperparameter ['intervene@trajectory', 'plan@trajectory', 'reconstruct@trajectory', 'sample@trajectory', 'stitch@trajectory']
OK phase23|Diffuser|ddim-5 hyperparameter ['intervene@trajectory', 'plan@trajectory', 'reconstruct@trajectory', 'sample@trajectory', 'stitch@trajectory']
MAP_DONE
