OK   2211.15657 Is Conditional Generative Modeling all y   35.49s heading: R2                          ops=['generate', 'merge', 'combine'] canon=['reconstruct', 'aggregate']
OK   2208.06193 Diffusion Policies as an Expressive Poli   14.98s heading: DIFFUSION Q- LEARNING       ops=['sample', 'reconstruct', 'optimize'] canon=['sample', 'reconstruct', 'improve']
OK   2006.04779 Conservative Q-Learning for Offline Rein   16.09s heading: The Conservative Q-Learni   ops=['minimize Q-values', 'estimate value', 'update Q-function'] canon=['evaluate', 'correct']
OK   2110.06169 Offline Reinforcement Learning with Impl    17.6s heading: IMPLICIT Q-LEARNING         ops=['estimate', 'predict', 'update'] canon=['predict', 'correct']
OK   2106.06860 A Minimalist Approach to Offline Reinfor   20.59s heading: A Minimalist Offline RL A   ops=['regularize', 'normalize', 'scale'] canon=[]
OK   2106.01345 Decision Transformer: Reinforcement Lear   15.11s heading: Method                      ops=['embed', 'interleave', 'predict', 'decrement', 'append', 'select'] canon=['encode', 'predict']
OK   2106.02039 Offline Reinforcement Learning as One Bi   19.85s heading: Reinforcement Learning an   ops=['discretize', 'tokenize', 'decode', 'beam search'] canon=['reconstruct']
OK   2005.13239 MOPO: Model-based Offline Policy Optimiz   26.11s heading: MOPO: Model-Based Offline   ops=['bound return', 'maximize return', 'estimate dynamics'] canon=['predict']
OK   2005.05951 MOReL : Model-Based Offline Reinforcemen   29.75s heading: Algorithmic Framework       ops=['learn dynamics model', 'construct USAD', 'construct pessimistic MDP', 'plan'] canon=['train', 'plan']
OK   2102.08363 COMBO: Conservative Offline Model-Based    24.84s heading: Conservative Offline Mode   ops=['train model', 'collect model rollouts', 'conservatively evaluate policy', 'improve policy'] canon=['train', 'improve']
OK   2006.09359 AWAC: Accelerating Online Reinforcement    25.11s heading: Online Fine-tuning          ops=['offline learning', 'fine-tuning', 'train critic', 'update actor'] canon=['train', 'correct']
OK   2106.08909 Offline RL Without Off-Policy Evaluation   23.23s heading: Defining the algorithms     ops=['evaluate', 'improve'] canon=['evaluate', 'improve']
OK   2110.01548 Uncertainty-Based Offline Reinforcement    29.09s heading: Uncertainty penalization    ops=['clip', 'penalize', 'estimate'] canon=['predict']
OK   2305.09836 Revisiting the Minimalist Approach to Of    28.5s heading: ReBRAC: Distilling Key De   ops=['penalize actor', 'penalize critic', 'normalize Q function'] canon=[]
OK   2304.10573 IDQL: Implicit Q-Learning as an Actor-Cr   31.09s heading: Implicit Q-Learning as an   ops=['recover', 'generalize', 'define'] canon=[]
OK   2209.14548 Offline Reinforcement Learning via High-   32.47s heading: METHOD                      ops=['improve', 'sample', 'evaluate', 'resample'] canon=['improve', 'sample', 'evaluate']
OK   2302.01877 AdaptDiffuser: Diffusion Models as Adapt   33.63s heading: Method                      ops=['generate trajectory', 'filter trajectories', 'predict reward', 'fine-tune model'] canon=['reconstruct', 'predict']
OK   2304.12824 Contrastive Energy Prediction for Exact    34.06s heading: Comparison with Previous    ops=['predict', 'estimate', 'compute'] canon=['predict']
OK   2305.20081 Efficient Diffusion Policies for Offline   28.61s heading: Efficient Diffusion Polic   ops=['formulate', 'train', 'sample', 'generalize'] canon=['train', 'sample']
OK   2112.10751 RvS: What is Essential for Offline RL vi   25.94s heading: ARCHITECTURE , CAPACITY,    ops=['condition', 'represent', 'generalize'] canon=['intervene', 'encode']
OK   2103.08050 Offline Reinforcement Learning with Fish   23.62s heading: Update φ using entropy-re   ops=['update', 'parameterize', 'optimize'] canon=['correct', 'improve']
OK   2011.07213 PLAS: Latent Action Space for Offline Re   29.98s heading: Method                      ops=['encode', 'decode', 'project', 'perturb'] canon=['encode', 'reconstruct', 'project', 'intervene']
OK   2209.03993 Q-learning Decision Transformer: Leverag   28.14s heading: Method                      ops=['learn value function', 'relabel RTG values', 'compute state value', 'regenerate RTG'] canon=['train']
OK   2310.03022 Decision ConvFormer: Local Filtering in    25.57s heading: THE PROPOSED METHOD : DEC   ops=['tokenize', 'embed', 'convolve', 'normalize', 'feed forward'] canon=['encode']
OK   2310.07297 Score Regularized Policy Optimization th   32.38s heading: PRACTICAL ALGORITHM         ops=['pretrain', 'extract'] canon=[]
OK   2401.02644 Simple Hierarchical Planning with Diffus   41.62s heading: Flat Learning Methods       ops=['plan', 'generalize', 'refine'] canon=['plan', 'correct']
OK   2208.10291 Efficient Planning in a Compact Latent A   25.07s heading: METHOD                      ops=['encode', 'decode', 'quantize', 'reconstruct', 'tile', 'concatenate', 'project', 'sample'] canon=['encode', 'reconstruct', 'project', 'sample']
OK  Is Conditional Generative Modeling all y   ['generate:trajectory', 'merge:other', 'combine:other']
OK  Diffusion Policies as an Expressive Poli   ['sample:sample', 'reconstruct:sample', 'optimize:parameter']
OK  Conservative Q-Learning for Offline Rein   ['minimize Q-values:value?', 'estimate value:value', 'update Q-function:value']
OK  Offline Reinforcement Learning with Impl   ['estimate:distribution', 'predict:value', 'update:parameter']
OK  A Minimalist Approach to Offline Reinfor   ['regularize:policy', 'normalize:state', 'scale:gradient?']
OK  Decision Transformer: Reinforcement Lear   ['embed:input', 'interleave:sample', 'predict:action?', 'decrement:reward', 'append:other', 'select:action']
OK  Offline Reinforcement Learning as One Bi   ['discretize:state', 'tokenize:state', 'decode:trajectory', 'beam search:trajectory']
OK  MOPO: Model-based Offline Policy Optimiz   ['bound return:other', 'maximize return:other', 'estimate dynamics:distribution']
OK  MOReL : Model-Based Offline Reinforcemen   ['learn dynamics model:state', 'construct USAD:state', 'construct pessimistic MDP:state', 'plan:state']
OK  COMBO: Conservative Offline Model-Based    ['train model:parameter', 'collect model rollouts:trajectory', 'conservatively evaluate policy:value', 'improve policy:policy']
OK  AWAC: Accelerating Online Reinforcement    ['offline learning:task', 'fine-tuning:policy', 'train critic:value', 'update actor:policy']
OK  Offline RL Without Off-Policy Evaluation   ['evaluate:value', 'improve:policy']
OK  Uncertainty-Based Offline Reinforcement    ['clip:value?', 'penalize:error', 'estimate:distribution']
OK  Revisiting the Minimalist Approach to Of   ['penalize actor:parameter', 'penalize critic:parameter', 'normalize Q function:value']
OK  IDQL: Implicit Q-Learning as an Actor-Cr   ['recover:value', 'generalize:other', 'define:value']
OK  Offline Reinforcement Learning via High-   ['improve:policy', 'sample:action', 'evaluate:action', 'resample:action']
OK  AdaptDiffuser: Diffusion Models as Adapt   ['generate trajectory:trajectory?', 'filter trajectories:trajectory', 'predict reward:trajectory', 'fine-tune model:other']
OK  Contrastive Energy Prediction for Exact    ['predict:distribution', 'estimate:gradient', 'compute:error']
OK  Efficient Diffusion Policies for Offline   ['formulate:policy', 'train:policy', 'sample:action', 'generalize:policy']
OK  RvS: What is Essential for Offline RL vi   ['condition:policy', 'represent:policy', 'generalize:policy']
OK  Offline Reinforcement Learning with Fish   ['update:parameter', 'parameterize:value', 'optimize:gradient']
OK  PLAS: Latent Action Space for Offline Re   ['encode:latent', 'decode:action', 'project:action?', 'perturb:action']
ERR Q-learning Decision Transformer: Leverag   Expecting ':' delimiter: line 21 column 8 (char 658)
OK  Decision ConvFormer: Local Filtering in    ['tokenize:input', 'embed:input', 'convolve:latent?', 'normalize:latent', 'feed forward:latent']
OK  Score Regularized Policy Optimization th   ['pretrain:distribution', 'extract:policy']
OK  Simple Hierarchical Planning with Diffus   ['plan:trajectory?', 'generalize:policy', 'refine:distribution']
OK  Efficient Planning in a Compact Latent A   ['encode:input', 'decode:sample', 'quantize:sample', 'reconstruct:sample', 'tile:sample', 'concatenate:sample', 'project:sample', 'sample:distribution']
DONE
MOVED results/Contrastive_Energy_Prediction_for_Exact_Energy-Guided_Diffusion_Sampling_in_Offline_Reinforcement_Learning_20260825_194825.json
OK   2304.12824 Contrastive Energy Prediction for Exact    51.66s pinned: 5. Q-Guided Policy Optimiz   ops=['diffuse', 'estimate', 'sample'] canon=['diffuse', 'predict', 'sample']
OK  Contrastive Energy Prediction for Exact    ['diffuse:distribution', 'estimate:parameter', 'sample:action']
MOVED results/Offline_Reinforcement_Learning_with_Fisher_Divergence_Critic_Regularization_20260825_194958.json
OK   2103.08050 Offline Reinforcement Learning with Fish   37.69s pinned: 4. Fisher-BRC                ops=['learn', 'update', 'approximate', 'regularize'] canon=['train', 'correct']
OK  Offline Reinforcement Learning with Fish   ['learn:parameter', 'update:parameter', 'approximate:distribution?', 'regularize:gradient']
MOVED results/Is_Conditional_Generative_Modeling_all_you_need_for_Decision-Making__20260825_193935.json
OK   2211.15657 Is Conditional Generative Modeling all y   28.05s pinned: G ENERATIVE M ODELING WITH   ops=['diffuse', 'estimate', 'sample', 'inverse dynamics'] canon=['diffuse', 'predict', 'sample']
OK  Is Conditional Generative Modeling all y   ['diffuse:state', 'estimate:distribution', 'sample:state', 'inverse dynamics:action']
MOVED results/RvS__What_is_Essential_for_Offline_RL_via_Supervised_Learning__20260825_194929.json
OK   2112.10751 RvS: What is Essential for Offline RL vi   26.41s pinned: R EINFORCEMENT L EARNING V   ops=['sample', 'compute', 'update'] canon=['sample', 'correct']
OK  RvS: What is Essential for Offline RL vi   ['sample:trajectory', 'compute:gradient', 'update:parameter']
DONE2
MOVED results/Simple_Hierarchical_Planning_with_Diffusion_20260825_195259.json
OK   2401.02644 Simple Hierarchical Planning with Diffus   27.46s pinned: H IERARCHICAL D IFFUSER      ops=['generate subgoals', 'refine subgoals', 'predict return', 'train high-level planner', 'train low-level planner'] canon=['reconstruct', 'correct', 'predict', 'train']
OK  Simple Hierarchical Planning with Diffus   ['generate subgoals:state', 'refine subgoals:trajectory', 'predict return:trajectory?', 'train high-level planner:distribution', 'train low-level planner:trajectory?']
DONE3
ERR Q-learning Decision Transformer: Leverag   Expecting ':' delimiter: line 21 column 8 (char 658)
ERR Q-learning Decision Transformer: Leverag   Expecting ':' delimiter: line 21 column 8 (char 658)
ERR Q-learning Decision Transformer: Leverag   Expecting ':' delimiter: line 21 column 8 (char 658)
OK  Q-learning Decision Transformer: Leverag   ['learn value function:value', 'relabel RTG values:reward', 'compute state value:value', 'regenerate RTG:reward']
